Microchip MPLAB XC8 Compiler V3.10

Linker command line:

-W-3 \
  --edf=C:\Program Files\Microchip\xc8\v3.10\pic\dat\20250813170317_en.msgs \
  -cn -h+dist/default/production\ATU-100_YAF.X.production.sym \
  --cmf=dist/default/production\ATU-100_YAF.X.production.cmf -z -Q16F1938 \
  -oC:\Users\woloszyn\AppData\Local\Temp\xcAsfz4.0\driver_tmp_3.o \
  --defsym=__MPLAB_BUILD=1 --fixupoverflow=error \
  -Mdist/default/production/ATU-100_YAF.X.production.map \
  --md=C:\Users\woloszyn\AppData\Local\Temp\xcAsfz4.0\driver_tmp_0.dat -E1 \
  -ver=XC8 Compiler -ACODE=00h-07FFhx8 -ASTRCODE=00h-03FFFh \
  -ASTRING=00h-0FFhx64 -ACONST=00h-0FFhx64 -AENTRY=00h-0FFhx64 \
  -ACOMMON=070h-07Fh -ABANK0=020h-06Fh -ABANK1=0A0h-0EFh \
  -ABANK2=0120h-016Fh -ABANK3=01A0h-01EFh -ABANK4=0220h-026Fh \
  -ABANK5=02A0h-02EFh -ABANK6=0320h-036Fh -ABANK7=03A0h-03EFh \
  -ABANK8=0420h-046Fh -ABANK9=04A0h-04EFh -ABANK10=0520h-056Fh \
  -ABANK11=05A0h-05EFh -ABANK12=0620h-064Fh -ABIGRAM=02000h-023EFh \
  -ARAM=020h-06Fh,0A0h-0EFh,0120h-016Fh,01A0h-01EFh,0220h-026Fh,02A0h-02EFh,0320h-036Fh,03A0h-03EFh,0420h-046Fh,04A0h-04EFh,0520h-056Fh,05A0h-05EFh,0620h-064Fh \
  -AABS1=020h-07Fh,0A0h-0EFh,0120h-016Fh,01A0h-01EFh,0220h-026Fh,02A0h-02EFh,0320h-036Fh,03A0h-03EFh,0420h-046Fh,04A0h-04EFh,0520h-056Fh,05A0h-05EFh,0620h-064Fh \
  -ASFR0=00h-01Fh -ASFR1=080h-09Fh -ASFR2=0100h-011Fh -ASFR3=0180h-019Fh \
  -ASFR4=0200h-021Fh -ASFR5=0280h-029Fh -ASFR6=0300h-031Fh \
  -ASFR7=0380h-039Fh -ASFR8=0400h-041Fh -ASFR9=0480h-049Fh \
  -ASFR10=0500h-051Fh -ASFR11=0580h-059Fh -ASFR12=0600h-061Fh \
  -ASFR13=0680h-06EFh -ASFR14=0700h-076Fh -ASFR15=0780h-07EFh \
  -ASFR16=0800h-086Fh -ASFR17=0880h-08EFh -ASFR18=0900h-096Fh \
  -ASFR19=0980h-09EFh -ASFR20=0A00h-0A6Fh -ASFR21=0A80h-0AEFh \
  -ASFR22=0B00h-0B6Fh -ASFR23=0B80h-0BEFh -ASFR24=0C00h-0C6Fh \
  -ASFR25=0C80h-0CEFh -ASFR26=0D00h-0D6Fh -ASFR27=0D80h-0DEFh \
  -ASFR28=0E00h-0E6Fh -ASFR29=0E80h-0EEFh -ASFR30=0F00h-0F6Fh \
  -ASFR31=0F80h-0FEFh -ACONFIG=08007h-08008h -DCONFIG=2 \
  -AIDLOC=08000h-08003h -DIDLOC=2 -AEEDATA=00h-0FFh/0F000h \
  -peeprom_data=EEDATA -DEEDATA=2 -DCODE=2 -DSTRCODE=2 -DSTRING=2 -DCONST=2 \
  -DENTRY=2 -preset_vec=00h,intentry=04h,sivt,init,end_init -ppowerup=CODE \
  -pcinit=CODE -pfunctab=ENTRY -k \
  C:\Users\woloszyn\AppData\Local\Temp\xcAsfz4.0\driver_tmp_15.o \
  dist/default/production\ATU-100_YAF.X.production.o 

Object code version is 3.11

Machine type is 16F1938



                Name                               Link     Load   Length Selector   Space Scale
C:\Users\woloszyn\AppData\Local\Temp\xcAsfz4.0\driver_tmp_15.o
                end_init                             15       15        2        8       0
                reset_vec                             0        0        2        0       0
                config                             8007     8007        2        0       4
                idloc                              8000     8000        4        0       5
dist/default/production\ATU-100_YAF.X.production.o
                cinit                                17       17       34        8       0
                intentry                              4        4       11        8       0
                config                             8007     8007        2        0       4
                idloc                              8000     8000        4        0       5
                text87                             2734     2734       16     4E68       0
                text86                             19A8     19A8       32     3350       0
                text85                             14FD     14FD       8C     29FA       0
                text84                              A3F      A3F       D9     147E       0
                text83                             2652     2652        D     4CA4       0
                text82                             1DD4     1DD4       57     3BA8       0
                text81                             277A     277A       19     4EF4       0
                text80                             1B7A     1B7A       38     36F4       0
                text79                             1979     1979       2F     32F2       0
                text78                             267F     267F       13     4CFE       0
                text77                             26E0     26E0       15     4DC0       0
                text76                             260A     260A        5     4C14       0
                text75                             260F     260F        5     4C1E       0
                text74                             18AC     18AC       25     3158       0
                text73                             1616     1616       A1     2C2C       0
                text72                             262F     262F        B     4C5E       0
                text71                             274A     274A       18     4E94       0
                text70                             1E83     1E83       5B     3D06       0
                text69                             1AD9     1AD9       35     35B2       0
                text68                             2614     2614        6     4C28       0
                text67                             1EDE     1EDE       5B     3DBC       0
                text66                             2692     2692       13     4D24       0
                text65                             1830     1830       1F     3060       0
                text64                              D46      D46      15C     1A8C       0
                text63                             2762     2762       18     4EC4       0
                text62                             2626     2626        9     4C4C       0
                text61                             27E2     27E2       1E     4FC4       0
                text60                             2793     2793       19     4F26       0
                text59                             1D32     1D32       51     3A64       0
                text58                             12F8     12F8       7E     25F0       0
                text57                             1D83     1D83       51     3B06       0
                text56                             1F95     1F95       6B     3F2A       0
                text55                             1A3E     1A3E       33     347C       0
                text54                             175B     175B       A5     2EB6       0
                text53                             1376     1376       7E     26EC       0
                text52                             26B8     26B8       14     4D70       0
                text51                             1800     1800       12     2EB6       0
                text50                             1BEC     1BEC       3C     37D8       0
                text49                             1A71     1A71       34     34E2       0
                text48                             191D     191D       2E     323A       0
                text47                             1AA5     1AA5       34     354A       0
                text46                             194B     194B       2E     3296       0
                text45                              82F      82F       AC     105E       0
                text44                             263A     263A        C     4C74       0
                text43                             1E2B     1E2B       58     3C56       0
                text42                             2646     2646        C     4C8C       0
                text41                              98B      98B       B4     1316       0
                text40                              72E      72E       B6      AC0       0
                text39                             27C5     27C5       1D     4F8A       0
                text38                             1192     1192       73     2324       0
                text37                             18F6     18F6       27     31EC       0
                text36                             1B0E     1B0E       36     361C       0
                text35                             127D     127D       7B     24FA       0
                text34                             265F     265F       10     4CBE       0
                text33                             27AC     27AC       19     4F58       0
                text32                             19DA     19DA       32     33B4       0
                text31                             26F5     26F5       15     4DEA       0
                text30                             270A     270A       15     4E14       0
                text29                             271F     271F       15     4E3E       0
                text28                             184F     184F       1F     309E       0
                text27                             26CC     26CC       14     4D98       0
                text26                             26A5     26A5       13     4D4A       0
                text25                             1B44     1B44       36     3688       0
                text24                             1C64     1C64       42     38C8       0
                text23                              800      800       2F     1000       0
                text22                             1812     1812       1E     3024       0
                text21                             186E     186E       1F     30DC       0
                text20                             1BB2     1BB2       3A     3764       0
                text19                             1C28     1C28       3C     3850       0
                text18                             1CA6     1CA6       44     394C       0
                text17                             1F39     1F39       5C     3E72       0
                text16                             13F4     13F4       84     27E8       0
                text15                             18D1     18D1       25     31A2       0
                text14                               4B       4B      335        8       0
                text13                             1A0C     1A0C       32     3418       0
                text12                              EA2      EA2      15E     1D44       0
                text11                             1123     1123       6F     2246       0
                text10                             1589     1589       8D     2B12       0
                text9                              1478     1478       85     28F0       0
                text8                               B18      B18       DC     1630       0
                text7                              16B7     16B7       A4     2D6E       0
                text6                               BF4      BF4      152     17E8       0
                text5                               560      560      1CE      AC0       0
                text4                               8DB      8DB       B0     11B6       0
                text3                              1CEA     1CEA       48     39D4       0
                text2                              188D     188D       1F     311A       0
                text1                               7E4      7E4       1A      AC0       0
                maintext                           1205     1205       78     240A       0
                cstackBANK0                          20       20       3D       20       1
                cstackCOMMON                         70       70        E       70       1
                clrtext                            261A     261A        6     4C34       0
                inittext                           2620     2620        6     4C40       0
                dataBANK2                           148      148       20      120       1
                bssBANK2                            120      120       28      120       1
                dataBANK1                            DF       DF       10       A0       1
                bssBANK1                             A0       A0       3F       A0       1
                bssBANK0                             5D       5D       13       20       1
                stringtext76                       2A14     2A14        1     5000       0
                stringtext75                       2A11     2A11        3     5000       0
                stringtext74                       2A0E     2A0E        3     5000       0
                stringtext73                       2A0B     2A0B        3     5000       0
                stringtext72                       2A08     2A08        3     5000       0
                stringtext71                       2A05     2A05        3     5000       0
                stringtext70                       2A02     2A02        3     5000       0
                stringtext69                       29FE     29FE        4     5000       0
                stringtext68                       29FA     29FA        4     5000       0
                stringtext67                       29F6     29F6        4     5000       0
                stringtext66                       29F2     29F2        4     5000       0
                stringtext65                       29EE     29EE        4     5000       0
                stringtext64                       29EA     29EA        4     5000       0
                stringtext63                       29E5     29E5        5     5000       0
                stringtext62                       29E0     29E0        5     5000       0
                stringtext61                       29DB     29DB        5     5000       0
                stringtext60                       29D6     29D6        5     5000       0
                stringtext59                       29D1     29D1        5     5000       0
                stringtext58                       29CC     29CC        5     5000       0
                stringtext57                       29C6     29C6        6     5000       0
                stringtext56                       29C0     29C0        6     5000       0
                stringtext55                       29BA     29BA        6     5000       0
                stringtext54                       29B4     29B4        6     5000       0
                stringtext53                       29AE     29AE        6     5000       0
                stringtext52                       29A8     29A8        6     5000       0
                stringtext51                       29A2     29A2        6     5000       0
                stringtext50                       299C     299C        6     5000       0
                stringtext49                       2996     2996        6     5000       0
                stringtext48                       2990     2990        6     5000       0
                stringtext47                       298A     298A        6     5000       0
                stringtext46                       2984     2984        6     5000       0
                stringtext45                       297E     297E        6     5000       0
                stringtext44                       2978     2978        6     5000       0
                stringtext43                       2972     2972        6     5000       0
                stringtext42                       296C     296C        6     5000       0
                stringtext41                       2966     2966        6     5000       0
                stringtext40                       2960     2960        6     5000       0
                stringtext39                       295A     295A        6     5000       0
                stringtext38                       2954     2954        6     5000       0
                stringtext37                       294E     294E        6     5000       0
                stringtext36                       2948     2948        6     5000       0
                stringtext35                       2942     2942        6     5000       0
                stringtext34                       293C     293C        6     5000       0
                stringtext33                       2934     2934        8     5000       0
                stringtext32                       292C     292C        8     5000       0
                stringtext31                       2923     2923        9     5000       0
                stringtext30                       291A     291A        9     5000       0
                stringtext29                       2911     2911        9     5000       0
                stringtext28                       2908     2908        9     5000       0
                stringtext27                       28FF     28FF        9     5000       0
                stringtext26                       28F6     28F6        9     5000       0
                stringtext25                       28EC     28EC        A     5000       0
                stringtext24                       28E2     28E2        A     5000       0
                stringtext23                       28D7     28D7        B     5000       0
                stringtext22                       28CC     28CC        B     5000       0
                stringtext21                       28C1     28C1        B     5000       0
                stringtext20                       28B6     28B6        B     5000       0
                stringtext19                       28AB     28AB        B     5000       0
                stringtext18                       28A0     28A0        B     5000       0
                stringtext17                       2895     2895        B     5000       0
                stringtext16                       288A     288A        B     5000       0
                stringtext15                       287F     287F        B     5000       0
                stringtext14                       2874     2874        B     5000       0
                stringtext13                       2869     2869        B     5000       0
                stringtext12                       285E     285E        B     5000       0
                stringtext11                       2853     2853        B     5000       0
                stringtext10                       2848     2848        B     5000       0
                stringtext9                        283D     283D        B     5000       0
                stringtext8                        2832     2832        B     5000       0
                stringtext7                        2827     2827        B     5000       0
                stringtext6                        281C     281C        B     5000       0
                stringtext5                        280E     280E        E     5000       0
                stringtext4                        2800     2800        E     5000       0
                stringtext3                        2000     2000       49     4000       0
                stringtext2                        1000     1000      100     2000       0
                stringtext1                         380      380      1E0      700       0
                idataEEDATA                           0     F000       74    1E000       3
                idataBANK2                         1103     1103       20     2206       0
                idataBANK1                         266F     266F       10     4CDE       0

TOTAL           Name                               Link     Load   Length     Space
        CLASS   CODE           
                end_init                             15       15        2         0
                cinit                                17       17       34         0
                intentry                              4        4       11         0
                reset_vec                             0        0        2         0
                text87                             2734     2734       16         0
                text86                             19A8     19A8       32         0
                text85                             14FD     14FD       8C         0
                text84                              A3F      A3F       D9         0
                text83                             2652     2652        D         0
                text82                             1DD4     1DD4       57         0
                text81                             277A     277A       19         0
                text80                             1B7A     1B7A       38         0
                text79                             1979     1979       2F         0
                text78                             267F     267F       13         0
                text77                             26E0     26E0       15         0
                text76                             260A     260A        5         0
                text75                             260F     260F        5         0
                text74                             18AC     18AC       25         0
                text73                             1616     1616       A1         0
                text72                             262F     262F        B         0
                text71                             274A     274A       18         0
                text70                             1E83     1E83       5B         0
                text69                             1AD9     1AD9       35         0
                text68                             2614     2614        6         0
                text67                             1EDE     1EDE       5B         0
                text66                             2692     2692       13         0
                text65                             1830     1830       1F         0
                text64                              D46      D46      15C         0
                text63                             2762     2762       18         0
                text62                             2626     2626        9         0
                text61                             27E2     27E2       1E         0
                text60                             2793     2793       19         0
                text59                             1D32     1D32       51         0
                text58                             12F8     12F8       7E         0
                text57                             1D83     1D83       51         0
                text56                             1F95     1F95       6B         0
                text55                             1A3E     1A3E       33         0
                text54                             175B     175B       A5         0
                text53                             1376     1376       7E         0
                text52                             26B8     26B8       14         0
                text51                             1800     1800       12         0
                text50                             1BEC     1BEC       3C         0
                text49                             1A71     1A71       34         0
                text48                             191D     191D       2E         0
                text47                             1AA5     1AA5       34         0
                text46                             194B     194B       2E         0
                text45                              82F      82F       AC         0
                text44                             263A     263A        C         0
                text43                             1E2B     1E2B       58         0
                text42                             2646     2646        C         0
                text41                              98B      98B       B4         0
                text40                              72E      72E       B6         0
                text39                             27C5     27C5       1D         0
                text38                             1192     1192       73         0
                text37                             18F6     18F6       27         0
                text36                             1B0E     1B0E       36         0
                text35                             127D     127D       7B         0
                text34                             265F     265F       10         0
                text33                             27AC     27AC       19         0
                text32                             19DA     19DA       32         0
                text31                             26F5     26F5       15         0
                text30                             270A     270A       15         0
                text29                             271F     271F       15         0
                text28                             184F     184F       1F         0
                text27                             26CC     26CC       14         0
                text26                             26A5     26A5       13         0
                text25                             1B44     1B44       36         0
                text24                             1C64     1C64       42         0
                text23                              800      800       2F         0
                text22                             1812     1812       1E         0
                text21                             186E     186E       1F         0
                text20                             1BB2     1BB2       3A         0
                text19                             1C28     1C28       3C         0
                text18                             1CA6     1CA6       44         0
                text17                             1F39     1F39       5C         0
                text16                             13F4     13F4       84         0
                text15                             18D1     18D1       25         0
                text14                               4B       4B      335         0
                text13                             1A0C     1A0C       32         0
                text12                              EA2      EA2      15E         0
                text11                             1123     1123       6F         0
                text10                             1589     1589       8D         0
                text9                              1478     1478       85         0
                text8                               B18      B18       DC         0
                text7                              16B7     16B7       A4         0
                text6                               BF4      BF4      152         0
                text5                               560      560      1CE         0
                text4                               8DB      8DB       B0         0
                text3                              1CEA     1CEA       48         0
                text2                              188D     188D       1F         0
                text1                               7E4      7E4       1A         0
                maintext                           1205     1205       78         0
                clrtext                            261A     261A        6         0
                inittext                           2620     2620        6         0
                idataBANK2                         1103     1103       20         0
                idataBANK1                         266F     266F       10         0

        CLASS   STRCODE        
                stringtext76                       2A14     2A14        1         0
                stringtext75                       2A11     2A11        3         0
                stringtext74                       2A0E     2A0E        3         0
                stringtext73                       2A0B     2A0B        3         0
                stringtext72                       2A08     2A08        3         0
                stringtext71                       2A05     2A05        3         0
                stringtext70                       2A02     2A02        3         0
                stringtext69                       29FE     29FE        4         0
                stringtext68                       29FA     29FA        4         0
                stringtext67                       29F6     29F6        4         0
                stringtext66                       29F2     29F2        4         0
                stringtext65                       29EE     29EE        4         0
                stringtext64                       29EA     29EA        4         0
                stringtext63                       29E5     29E5        5         0
                stringtext62                       29E0     29E0        5         0
                stringtext61                       29DB     29DB        5         0
                stringtext60                       29D6     29D6        5         0
                stringtext59                       29D1     29D1        5         0
                stringtext58                       29CC     29CC        5         0
                stringtext57                       29C6     29C6        6         0
                stringtext56                       29C0     29C0        6         0
                stringtext55                       29BA     29BA        6         0
                stringtext54                       29B4     29B4        6         0
                stringtext53                       29AE     29AE        6         0
                stringtext52                       29A8     29A8        6         0
                stringtext51                       29A2     29A2        6         0
                stringtext50                       299C     299C        6         0
                stringtext49                       2996     2996        6         0
                stringtext48                       2990     2990        6         0
                stringtext47                       298A     298A        6         0
                stringtext46                       2984     2984        6         0
                stringtext45                       297E     297E        6         0
                stringtext44                       2978     2978        6         0
                stringtext43                       2972     2972        6         0
                stringtext42                       296C     296C        6         0
                stringtext41                       2966     2966        6         0
                stringtext40                       2960     2960        6         0
                stringtext39                       295A     295A        6         0
                stringtext38                       2954     2954        6         0
                stringtext37                       294E     294E        6         0
                stringtext36                       2948     2948        6         0
                stringtext35                       2942     2942        6         0
                stringtext34                       293C     293C        6         0
                stringtext33                       2934     2934        8         0
                stringtext32                       292C     292C        8         0
                stringtext31                       2923     2923        9         0
                stringtext30                       291A     291A        9         0
                stringtext29                       2911     2911        9         0
                stringtext28                       2908     2908        9         0
                stringtext27                       28FF     28FF        9         0
                stringtext26                       28F6     28F6        9         0
                stringtext25                       28EC     28EC        A         0
                stringtext24                       28E2     28E2        A         0
                stringtext23                       28D7     28D7        B         0
                stringtext22                       28CC     28CC        B         0
                stringtext21                       28C1     28C1        B         0
                stringtext20                       28B6     28B6        B         0
                stringtext19                       28AB     28AB        B         0
                stringtext18                       28A0     28A0        B         0
                stringtext17                       2895     2895        B         0
                stringtext16                       288A     288A        B         0
                stringtext15                       287F     287F        B         0
                stringtext14                       2874     2874        B         0
                stringtext13                       2869     2869        B         0
                stringtext12                       285E     285E        B         0
                stringtext11                       2853     2853        B         0
                stringtext10                       2848     2848        B         0
                stringtext9                        283D     283D        B         0
                stringtext8                        2832     2832        B         0
                stringtext7                        2827     2827        B         0
                stringtext6                        281C     281C        B         0
                stringtext5                        280E     280E        E         0
                stringtext4                        2800     2800        E         0
                stringtext3                        2000     2000       49         0
                stringtext2                        1000     1000      100         0
                stringtext1                         380      380      1E0         0

        CLASS   STRING         

        CLASS   CONST          

        CLASS   ENTRY          

        CLASS   COMMON         
                cstackCOMMON                         70       70        E         1

        CLASS   BANK0          
                cstackBANK0                          20       20       3D         1
                bssBANK0                             5D       5D       13         1

        CLASS   BANK1          
                dataBANK1                            DF       DF       10         1
                bssBANK1                             A0       A0       3F         1

        CLASS   BANK2          
                dataBANK2                           148      148       20         1
                bssBANK2                            120      120       28         1

        CLASS   BANK3          

        CLASS   BANK4          

        CLASS   BANK5          

        CLASS   BANK6          

        CLASS   BANK7          

        CLASS   BANK8          

        CLASS   BANK9          

        CLASS   BANK10         

        CLASS   BANK11         

        CLASS   BANK12         

        CLASS   BIGRAM         

        CLASS   RAM            

        CLASS   ABS1           
                abs_s1                               7E       7E        2         1

        CLASS   SFR0           

        CLASS   SFR1           

        CLASS   SFR2           

        CLASS   SFR3           

        CLASS   SFR4           

        CLASS   SFR5           

        CLASS   SFR6           

        CLASS   SFR7           

        CLASS   SFR8           

        CLASS   SFR9           

        CLASS   SFR10          

        CLASS   SFR11          

        CLASS   SFR12          

        CLASS   SFR13          

        CLASS   SFR14          

        CLASS   SFR15          

        CLASS   SFR16          

        CLASS   SFR17          

        CLASS   SFR18          

        CLASS   SFR19          

        CLASS   SFR20          

        CLASS   SFR21          

        CLASS   SFR22          

        CLASS   SFR23          

        CLASS   SFR24          

        CLASS   SFR25          

        CLASS   SFR26          

        CLASS   SFR27          

        CLASS   SFR28          

        CLASS   SFR29          

        CLASS   SFR30          

        CLASS   SFR31          

        CLASS   CONFIG         
                config                             8007     8007        2         4

        CLASS   IDLOC          
                idloc                              8000     8000        4         5

        CLASS   EEDATA         
                idataEEDATA                           0     F000       74         3

        CLASS   BANK31         

        CLASS   BANK30         

        CLASS   BANK29         

        CLASS   BANK28         

        CLASS   BANK27         

        CLASS   BANK26         

        CLASS   BANK25         

        CLASS   BANK24         

        CLASS   BANK23         

        CLASS   BANK22         

        CLASS   BANK21         

        CLASS   BANK20         

        CLASS   BANK19         

        CLASS   BANK18         

        CLASS   BANK17         

        CLASS   BANK16         

        CLASS   BANK15         

        CLASS   BANK14         

        CLASS   BANK13         

        CLASS   HEAP           

        CLASS   STACK          



SEGMENTS        Name                           Load    Length   Top    Selector   Space  Class     Delta

                reset_vec                      000000  000002  000002         0       0  CODE        2
                intentry                       000004  00037C  000380         8       0  CODE        2
                cstackBANK0                    000020  000050  000070        20       1  BANK0       1
                cstackCOMMON                   000070  00000E  00007E        70       1  COMMON      1
                bssBANK1                       0000A0  00004F  0000EF        A0       1  BANK1       1
                bssBANK2                       000120  000048  000168       120       1  BANK2       1
                stringtext1                    000380  0001E0  000560       700       0  STRCODE     2
                text5                          000560  00029E  0007FE       AC0       0  CODE        2
                text23                         000800  00002F  00082F      1000       0  CODE        2
                text45                         00082F  0000AC  0008DB      105E       0  CODE        2
                text4                          0008DB  0000B0  00098B      11B6       0  CODE        2
                text41                         00098B  0000B4  000A3F      1316       0  CODE        2
                text84                         000A3F  0000D9  000B18      147E       0  CODE        2
                text8                          000B18  0000DC  000BF4      1630       0  CODE        2
                text6                          000BF4  000152  000D46      17E8       0  CODE        2
                text64                         000D46  00015C  000EA2      1A8C       0  CODE        2
                text12                         000EA2  00015E  001000      1D44       0  CODE        2
                stringtext2                    001000  000100  001100      2000       0  STRCODE     2
                idataBANK2                     001103  000020  001123      2206       0  CODE        2
                text11                         001123  00006F  001192      2246       0  CODE        2
                text38                         001192  000073  001205      2324       0  CODE        2
                maintext                       001205  000078  00127D      240A       0  CODE        2
                text35                         00127D  00007B  0012F8      24FA       0  CODE        2
                text58                         0012F8  00007E  001376      25F0       0  CODE        2
                text53                         001376  00007E  0013F4      26EC       0  CODE        2
                text16                         0013F4  000084  001478      27E8       0  CODE        2
                text9                          001478  000085  0014FD      28F0       0  CODE        2
                text85                         0014FD  00008C  001589      29FA       0  CODE        2
                text10                         001589  00008D  001616      2B12       0  CODE        2
                text73                         001616  0000A1  0016B7      2C2C       0  CODE        2
                text7                          0016B7  0000A4  00175B      2D6E       0  CODE        2
                text54                         00175B  0000B7  001812      2EB6       0  CODE        2
                text22                         001812  00001E  001830      3024       0  CODE        2
                text65                         001830  00001F  00184F      3060       0  CODE        2
                text28                         00184F  00001F  00186E      309E       0  CODE        2
                text21                         00186E  00001F  00188D      30DC       0  CODE        2
                text2                          00188D  00001F  0018AC      311A       0  CODE        2
                text74                         0018AC  000025  0018D1      3158       0  CODE        2
                text15                         0018D1  000025  0018F6      31A2       0  CODE        2
                text37                         0018F6  000027  00191D      31EC       0  CODE        2
                text48                         00191D  00002E  00194B      323A       0  CODE        2
                text46                         00194B  00002E  001979      3296       0  CODE        2
                text79                         001979  00002F  0019A8      32F2       0  CODE        2
                text86                         0019A8  000032  0019DA      3350       0  CODE        2
                text32                         0019DA  000032  001A0C      33B4       0  CODE        2
                text13                         001A0C  000032  001A3E      3418       0  CODE        2
                text55                         001A3E  000033  001A71      347C       0  CODE        2
                text49                         001A71  000034  001AA5      34E2       0  CODE        2
                text47                         001AA5  000034  001AD9      354A       0  CODE        2
                text69                         001AD9  000035  001B0E      35B2       0  CODE        2
                text36                         001B0E  000036  001B44      361C       0  CODE        2
                text25                         001B44  000036  001B7A      3688       0  CODE        2
                text80                         001B7A  000038  001BB2      36F4       0  CODE        2
                text20                         001BB2  00003A  001BEC      3764       0  CODE        2
                text50                         001BEC  00003C  001C28      37D8       0  CODE        2
                text19                         001C28  00003C  001C64      3850       0  CODE        2
                text24                         001C64  000042  001CA6      38C8       0  CODE        2
                text18                         001CA6  000044  001CEA      394C       0  CODE        2
                text3                          001CEA  000048  001D32      39D4       0  CODE        2
                text59                         001D32  000051  001D83      3A64       0  CODE        2
                text57                         001D83  000051  001DD4      3B06       0  CODE        2
                text82                         001DD4  000057  001E2B      3BA8       0  CODE        2
                text43                         001E2B  000058  001E83      3C56       0  CODE        2
                text70                         001E83  00005B  001EDE      3D06       0  CODE        2
                text67                         001EDE  00005B  001F39      3DBC       0  CODE        2
                text17                         001F39  00005C  001F95      3E72       0  CODE        2
                text56                         001F95  00006B  002000      3F2A       0  CODE        2
                stringtext3                    002000  000049  002049      4000       0  STRCODE     2
                text76                         00260A  000005  00260F      4C14       0  CODE        2
                text75                         00260F  000005  002614      4C1E       0  CODE        2
                text68                         002614  000006  00261A      4C28       0  CODE        2
                clrtext                        00261A  000006  002620      4C34       0  CODE        2
                inittext                       002620  000006  002626      4C40       0  CODE        2
                text62                         002626  000009  00262F      4C4C       0  CODE        2
                text72                         00262F  00000B  00263A      4C5E       0  CODE        2
                text44                         00263A  00000C  002646      4C74       0  CODE        2
                text42                         002646  00000C  002652      4C8C       0  CODE        2
                text83                         002652  00000D  00265F      4CA4       0  CODE        2
                text34                         00265F  000010  00266F      4CBE       0  CODE        2
                idataBANK1                     00266F  000010  00267F      4CDE       0  CODE        2
                text78                         00267F  000013  002692      4CFE       0  CODE        2
                text66                         002692  000013  0026A5      4D24       0  CODE        2
                text26                         0026A5  000013  0026B8      4D4A       0  CODE        2
                text52                         0026B8  000014  0026CC      4D70       0  CODE        2
                text27                         0026CC  000014  0026E0      4D98       0  CODE        2
                text77                         0026E0  000015  0026F5      4DC0       0  CODE        2
                text31                         0026F5  000015  00270A      4DEA       0  CODE        2
                text30                         00270A  000015  00271F      4E14       0  CODE        2
                text29                         00271F  000015  002734      4E3E       0  CODE        2
                text87                         002734  000016  00274A      4E68       0  CODE        2
                text71                         00274A  000018  002762      4E94       0  CODE        2
                text63                         002762  000018  00277A      4EC4       0  CODE        2
                text81                         00277A  000019  002793      4EF4       0  CODE        2
                text60                         002793  000019  0027AC      4F26       0  CODE        2
                text33                         0027AC  000019  0027C5      4F58       0  CODE        2
                text39                         0027C5  00001D  0027E2      4F8A       0  CODE        2
                text61                         0027E2  00001E  002800      4FC4       0  CODE        2
                stringtext4                    002800  000215  002A15      5000       0  STRCODE     2
                idataEEDATA                    00F000  000074  00F074     1E000       3  EEDATA      2


UNUSED ADDRESS RANGES

        Name                Unused          Largest block    Delta
        BANK1            000EF-000EF               1           1
        BANK10           00520-0056F              50           1
        BANK11           005A0-005EF              50           1
        BANK12           00620-0064F              30           1
        BANK2            00168-0016F               8           1
        BANK3            001A0-001EF              50           1
        BANK4            00220-0026F              50           1
        BANK5            002A0-002EF              50           1
        BANK6            00320-0036F              50           1
        BANK7            003A0-003EF              50           1
        BANK8            00420-0046F              50           1
        BANK9            004A0-004EF              50           1
        BIGRAM           02000-023EF             3F0           1
        CODE             00002-00003               2           2
                         007FE-007FF               2
                         01100-01102               3
                         02049-02609             5C1
                         02A15-03FFF             800
        CONST            00002-00003               2           2
                         007FE-007FF               2
                         01100-01102               3
                         02049-02609             100
                         02A15-03FFF             100
        EEDATA           0F074-0F0FF              8C           2
        ENTRY            00002-00003               2           2
                         007FE-007FF               2
                         01100-01102               3
                         02049-02609             100
                         02A15-03FFF             100
        RAM              000EF-000EF               1           1
                         00168-0016F               8
                         001A0-001EF              50
                         00220-0026F              50
                         002A0-002EF              50
                         00320-0036F              50
                         003A0-003EF              50
                         00420-0046F              50
                         004A0-004EF              50
                         00520-0056F              50
                         005A0-005EF              50
                         00620-0064F              30
        SFR0             00000-0001F              20           1
        SFR1             00080-0009F              20           1
        SFR10            00500-0051F              20           1
        SFR11            00580-0059F              20           1
        SFR12            00600-0061F              20           1
        SFR13            00680-006EF              70           1
        SFR14            00700-0076F              70           1
        SFR15            00780-007EF              70           1
        SFR16            00800-0086F              70           1
        SFR17            00880-008EF              70           1
        SFR18            00900-0096F              70           1
        SFR19            00980-009EF              70           1
        SFR2             00100-0011F              20           1
        SFR20            00A00-00A6F              70           1
        SFR21            00A80-00AEF              70           1
        SFR22            00B00-00B6F              70           1
        SFR23            00B80-00BEF              70           1
        SFR24            00C00-00C6F              70           1
        SFR25            00C80-00CEF              70           1
        SFR26            00D00-00D6F              70           1
        SFR27            00D80-00DEF              70           1
        SFR28            00E00-00E6F              70           1
        SFR29            00E80-00EEF              70           1
        SFR3             00180-0019F              20           1
        SFR30            00F00-00F6F              70           1
        SFR31            00F80-00FEF              70           1
        SFR4             00200-0021F              20           1
        SFR5             00280-0029F              20           1
        SFR6             00300-0031F              20           1
        SFR7             00380-0039F              20           1
        SFR8             00400-0041F              20           1
        SFR9             00480-0049F              20           1
        STRCODE          00002-00003               2           2
                         007FE-007FF               2
                         01100-01102               3
                         02049-02609             5C1
                         02A15-03FFF            15EB
        STRING           00002-00003               2           2
                         007FE-007FF               2
                         01100-01102               3
                         02049-02609             100
                         02A15-03FFF             100

                                  Symbol Table

?_ADC_GetSample                       cstackCOMMON 00070
?_UTILI_GetCapValue                   cstackCOMMON 00070
?_UTILI_GetIndValue                   cstackCOMMON 00070
?_UTILI_Get_LC_Relays                 cstackCOMMON 00070
?_UTILI_centiVolt_to_deciWatt         cstackCOMMON 0007C
?_UTILI_deciWatt_to_centiVolt         cstackCOMMON 0007C
?___aldiv                             cstackBANK0  00020
?___awdiv                             cstackCOMMON 00070
?___awmod                             cstackCOMMON 00070
?___lmul                              cstackCOMMON 00070
?___wmul                              cstackCOMMON 00070
ADC_GetSample@ch                      cstackCOMMON 00079
ADC_GetSample@hi                      cstackCOMMON 00077
ADC_Run@f_sum                         cstackBANK0  00034
ADC_Run@i                             cstackBANK0  0003C
ADC_Run@r_sum                         cstackBANK0  00038
ADC_Run@s                             cstackBANK0  0003D
DISP_Char@c                           cstackBANK0  00032
DISP_Char@col                         cstackBANK0  00034
DISP_Char@invert                      cstackBANK0  00033
DISP_Char@row                         cstackBANK0  00031
DISP_Char@str                         cstackBANK0  00035
DISP_Clr@i                            cstackCOMMON 00075
DISP_Clr@page                         cstackCOMMON 00076
DISP_Command@command                  cstackCOMMON 00072
DISP_DataAddress@page                 cstackCOMMON 00074
DISP_DataAddress@start                cstackCOMMON 00072
DISP_Init@i2_addr                     cstackCOMMON 00078
DISP_Init@rotate                      cstackCOMMON 00077
DISP_PWR@col                          cstackBANK0  00036
DISP_PWR@deciWatt                     cstackBANK0  00032
DISP_PWR@invert                       cstackBANK0  00034
DISP_PWR@low_value                    cstackBANK0  00037
DISP_PWR@row                          cstackBANK0  00031
DISP_PWR@str                          cstackBANK0  00038
DISP_SWR@F2965                        dataBANK1    000DF
DISP_SWR@centiSWR                     cstackBANK0  00032
DISP_SWR@col                          cstackBANK0  00036
DISP_SWR@invert                       cstackBANK0  00034
DISP_SWR@row                          cstackBANK0  00031
DISP_SWR@str                          cstackBANK0  00037
DISP_Str@col                          cstackBANK0  00024
DISP_Str@empty                        cstackBANK0  0002E
DISP_Str@fpos                         cstackBANK0  00025
DISP_Str@h                            cstackBANK0  0002A
DISP_Str@h_1094                       cstackBANK0  0002B
DISP_Str@invert                       cstackCOMMON 0007B
DISP_Str@len                          cstackBANK0  00029
DISP_Str@p                            cstackBANK0  0002C
DISP_Str@page                         cstackBANK0  00027
DISP_Str@row                          cstackCOMMON 00078
DISP_Str@start                        cstackBANK0  00028
DISP_Str@str                          cstackCOMMON 00079
DISP_Str@x                            cstackBANK0  00030
DISP_Str@y                            cstackBANK0  0002F
EEPROM_InitDefault@i                  cstackCOMMON 00073
EEPROM_Read@addr                      cstackCOMMON 00076
EEPROM_Read@ptr                       cstackCOMMON 00077
EEPROM_Read@ptrValue                  cstackCOMMON 00073
EEPROM_Read@size                      cstackCOMMON 00075
EEPROM_Write@addr                     cstackCOMMON 00076
EEPROM_Write@ptr                      cstackCOMMON 00077
EEPROM_Write@ptrValue                 cstackCOMMON 00073
EEPROM_Write@size                     cstackCOMMON 00075
I2C_Write@i                           cstackCOMMON 00071
I2C_Write@value                       cstackCOMMON 00070
MENU_CalPWR_Run@value                 cstackBANK0  0004D
MENU_CalPWR_Run@y1                    cstackBANK0  0004B
MENU_CalPWR_Run@y2                    cstackBANK0  00049
MENU_CalPWR_Update@F3113              dataBANK1    000ED
MENU_CalPWR_Update@str                cstackBANK0  00041
MENU_Main_Update@c_row                cstackBANK0  00046
MENU_Main_Update@i                    cstackBANK0  00048
MENU_Main_Update@l_row                cstackBANK0  00047
MENU_Main_Update@p_str                cstackBANK0  00044
MENU_Main_Update@str                  cstackBANK0  0003D
MENU_Memory_Run@cursor_pos            cstackBANK0  00046
MENU_Memory_Run@tunemem               cstackBANK0  00047
MENU_Memory_Update@F3131              dataBANK1    000EA
MENU_Memory_Update@i                  cstackBANK0  00040
MENU_Memory_Update@index              cstackBANK0  00034
MENU_Memory_Update@memory             cstackBANK0  00035
MENU_Memory_Update@str_index          cstackBANK0  00031
MENU_NameEdit_Init@F3154              dataBANK1    000E7
MENU_NameEdit_Init@str_index          cstackBANK0  0003A
MENU_NameEdit_Run@c                   cstackBANK0  0003C
MENU_NameEdit_Run@i                   cstackBANK0  0003D
MENU_NameEdit_Update@c                cstackBANK0  00037
MENU_NameEdit_Update@i                cstackBANK0  00039
MENU_NameEdit_Update@x                cstackBANK0  00038
MENU_RelTest_Run@update               cstackBANK0  0003D
MENU_RelTest_Update@c_row             cstackBANK0  0003A
MENU_RelTest_Update@cursor            cstackBANK0  0003C
MENU_RelTest_Update@l_row             cstackBANK0  0003B
MENU_RelTest_Update@str               cstackBANK0  00033
MENU_Sleep_Update@cursor              cstackBANK0  00035
MENU_Sleep_Update@str                 cstackBANK0  00031
MENU_StartupSave_Init@F3162           dataBANK1    000E4
MENU_StartupSave_Init@str_index       cstackBANK0  00031
MENU_Sub_Run@cursor_pos               cstackBANK0  00046
MENU_Sub_Update@i                     cstackCOMMON 0007D
MENU_Sub_Update@pos                   cstackCOMMON 0007C
MENU_TParam_Update@cursor             cstackBANK0  0003C
MENU_Tune_Update@state                cstackCOMMON 0007C
TUNE_Run@best_cap_step                bssBANK0     0005D
TUNE_Run@best_cap_sw                  bssBANK1     000B2
TUNE_Run@best_ind_step                bssBANK1     000B3
TUNE_Run@best_last_row_swr            bssBANK1     000A6
TUNE_Run@best_row_swr                 bssBANK1     000A8
TUNE_Run@best_swr                     bssBANK1     000AA
TUNE_Run@cap_step                     bssBANK0     0005E
TUNE_Run@fine_cap                     bssBANK1     000A3
TUNE_Run@fine_cap_diff_high           bssBANK1     000B0
TUNE_Run@fine_cap_diff_low            bssBANK1     000B1
TUNE_Run@fine_ind                     bssBANK1     000A0
TUNE_Run@fine_ind_diff_high           bssBANK1     000AE
TUNE_Run@fine_ind_diff_low            bssBANK1     000AF
TUNE_Run@ind_step                     bssBANK0     0005F
UTILI_CalPWR@centiVolt                cstackBANK0  00035
UTILI_CalPWR@deciWatt                 cstackBANK0  00037
UTILI_CalSWR@swr                      cstackBANK0  0002E
UTILI_Delay_ms@i                      cstackCOMMON 00073
UTILI_Delay_ms@time_in_ms             cstackCOMMON 00070
UTILI_GetCapValue@i                   cstackCOMMON 00078
UTILI_GetCapValue@value               cstackCOMMON 00076
UTILI_GetCapValueStr@str              cstackBANK0  00023
UTILI_GetCapValueStr@str_size         cstackBANK0  00024
UTILI_GetCapValueStr@value            cstackBANK0  00025
UTILI_GetIndValue@i                   cstackCOMMON 00078
UTILI_GetIndValue@value               cstackCOMMON 00076
UTILI_GetIndValueStr@str              cstackBANK0  00023
UTILI_GetIndValueStr@str_size         cstackBANK0  00024
UTILI_GetIndValueStr@value            cstackBANK0  00025
UTILI_Get_LC_Relays@relays            cstackCOMMON 00075
UTILI_Int2Str@minus                   cstackBANK0  00020
UTILI_Int2Str@number                  cstackCOMMON 00078
UTILI_Int2Str@output                  cstackCOMMON 0007A
UTILI_Int2Str@p                       cstackBANK0  00022
UTILI_Int2Str@pos                     cstackBANK0  00021
UTILI_Int2Str@size                    cstackCOMMON 0007B
UTILI_SetRelays@v                     cstackCOMMON 00070
UTILI_Set_LC_Relays@relays            cstackCOMMON 00071
UTILI_centiVolt_to_deciWatt@centiVolt cstackCOMMON 0007C
UTILI_centiVolt_to_deciWatt@deciWatt  cstackBANK0  00032
UTILI_deciWatt_to_centiVolt@deciWatt  cstackCOMMON 0007C
UTILI_deciWatt_to_centiVolt@number    cstackBANK0  00036
UTILI_deciWatt_to_centiVolt@sqrt      cstackBANK0  0003A
UTILI_deciWatt_to_centiVolt@temp      cstackBANK0  0003E
_ADCON0bits                           (abs)        0009D
_ADCON1bits                           (abs)        0009E
_ADC_GetSample                        text86       019A8
_ADC_Init                             text87       02734
_ADC_Run                              text84       00A3F
_ADRESH                               (abs)        0009C
_ADRESL                               (abs)        0009B
_ANSELAbits                           (abs)        0018C
_ANSELBbits                           (abs)        0018D
_BUTTON_Auto_count                    bssBANK1     000BA
_BUTTON_Bypass_count                  bssBANK1     000B9
_BUTTON_Init                          text83       02652
_BUTTON_Reset                         text68       02614
_BUTTON_Run                           text82       01DD4
_BUTTON_count                         bssBANK0     00060
_BUTTON_was_long_pressed              bssBANK1     000BB
_CAP_VALUES                           stringtext5  0280E
_CM1CON0bits                          (abs)        00111
_CM2CON0bits                          (abs)        00113
_DISP_Char                            text51       01800
_DISP_Clr                             text74       018AC
_DISP_Command                         text77       026E0
_DISP_DataAddress                     text79       01979
_DISP_Init                            text73       01616
_DISP_Off                             text76       0260A
_DISP_On                              text75       0260F
_DISP_PWR                             text57       01D83
_DISP_SWR                             text50       01BEC
_DISP_Str                             text64       00D46
_DISP_i2_addr                         bssBANK1     000BD
_DISP_rotate                          bssBANK1     000BC
_EEADRL                               (abs)        00191
_EECON1bits                           (abs)        00195
_EECON2                               (abs)        00196
_EEDATL                               (abs)        00193
_EEPROM_Init                          text70       01E83
_EEPROM_InitDefault                   text39       027C5
_EEPROM_Read                          text71       0274A
_EEPROM_Write                         text60       02793
_FVRCON                               (abs)        00117
_I2C_Start                            text81       0277A
_I2C_Stop                             text78       0267F
_I2C_Write                            text80       01B7A
_IND_VALUES                           stringtext4  02800
_INTCONbits                           (abs)        0000B
_LATA                                 (abs)        0010C
_LATAbits                             (abs)        0010C
_LATB                                 (abs)        0010D
_LATBbits                             (abs)        0010D
_LATC                                 (abs)        0010E
_LATCbits                             (abs)        0010E
_MAIN_Init                            text69       01AD9
_MENU_About_Init                      text25       01B44
_MENU_About_Run                       text9        01478
_MENU_Bypass_Init                     text29       0271F
_MENU_CalPWR_Init                     text21       0186E
_MENU_CalPWR_Run                      text5        00560
_MENU_CalPWR_Update                   text56       01F95
_MENU_Init                            text62       02626
_MENU_Main_Init                       text32       019DA
_MENU_Main_Run                        text12       00EA2
_MENU_Main_Update                     text45       0082F
_MENU_Main_Weakup                     text44       0263A
_MENU_MemoryLoad_Init                 text26       026A5
_MENU_MemorySave_Init                 text27       026CC
_MENU_Memory_Init                     text42       02646
_MENU_Memory_Run                      text10       01589
_MENU_Memory_Update                   text43       01E2B
_MENU_NameEdit_Init                   text20       01BB2
_MENU_NameEdit_Run                    text4        008DB
_MENU_NameEdit_Update                 text41       0098B
_MENU_RelTest_Init                    text22       01812
_MENU_RelTest_Run                     text6        00BF4
_MENU_RelTest_Update                  text40       0072E
_MENU_Reset_Init                      text28       0184F
_MENU_Run                             text2        0188D
_MENU_Sleep_Init                      text23       00800
_MENU_Sleep_Run                       text7        016B7
_MENU_Sleep_Update                    text38       01192
_MENU_StartupSave_Init                text19       01C28
_MENU_StartupSave_Run                 text3        01CEA
_MENU_StartupSave_Update              text37       018F6
_MENU_SubSetup_Init                   text30       0270A
_MENU_SubTop_Init                     text31       026F5
_MENU_Sub_Run                         text11       01123
_MENU_Sub_Update                      text36       01B0E
_MENU_TParam_Init                     text24       01C64
_MENU_TParam_Run                      text8        00B18
_MENU_TParam_Update                   text35       0127D
_MENU_Tune_Init                       text33       027AC
_MENU_Tune_Run                        text13       01A0C
_MENU_Tune_Update                     text15       018D1
_MENU_var                             bssBANK0     00061
_NameEditChar                         stringtext3  02000
_OPTION_REGbits                       (abs)        00095
_OSCCON                               (abs)        00099
_PIE1bits                             (abs)        00091
_PIR1bits                             (abs)        00011
_PORTBbits                            (abs)        0000D
_PR2                                  (abs)        0001B
_T2CONbits                            (abs)        0001C
_TRISAbits                            (abs)        0008C
_TRISBbits                            (abs)        0008D
_TRISCbits                            (abs)        0008E
_TUNE_Init                            text34       0265F
_TUNE_Run                             text14       0004B
_TUNE_Run$2261                        cstackBANK0  0003C
_TUNE_Run$2262                        cstackBANK0  0003E
_TUNE_Run$2263                        cstackBANK0  00040
_TUNE_Run$2264                        cstackBANK0  00042
_TUNE_delay                           bssBANK1     000B5
_TUNE_state                           bssBANK1     000B8
_TUNE_step                            bssBANK1     000B6
_UTILI_CalPWR                         text17       01F39
_UTILI_CalSWR                         text16       013F4
_UTILI_Delay_ms                       text1        007E4
_UTILI_GetCapValue                    text49       01A71
_UTILI_GetCapValueStr                 text48       0191D
_UTILI_GetIndValue                    text47       01AA5
_UTILI_GetIndValueStr                 text46       0194B
_UTILI_Get_LC_Relays                  text63       02762
_UTILI_Int2Str                        text58       012F8
_UTILI_SetRelays                      text53       01376
_UTILI_Set_LC_Relays                  text52       026B8
_UTILI_centiVolt_to_deciWatt          text18       01CA6
_UTILI_deciWatt_to_centiVolt          text54       0175B
_UTILI_deciWatt_to_centiVolt$3071     cstackBANK0  00032
_WPUBbits                             (abs)        0020D
__H__absolute__                       __absolute__ 00000
__Habs1                               abs1         00000
__Hbank0                              bank0        00000
__Hbank1                              bank1        00000
__Hbank10                             bank10       00000
__Hbank11                             bank11       00000
__Hbank12                             bank12       00000
__Hbank13                             bank13       00000
__Hbank14                             bank14       00000
__Hbank15                             bank15       00000
__Hbank16                             bank16       00000
__Hbank17                             bank17       00000
__Hbank18                             bank18       00000
__Hbank19                             bank19       00000
__Hbank2                              bank2        00000
__Hbank20                             bank20       00000
__Hbank21                             bank21       00000
__Hbank22                             bank22       00000
__Hbank23                             bank23       00000
__Hbank24                             bank24       00000
__Hbank25                             bank25       00000
__Hbank26                             bank26       00000
__Hbank27                             bank27       00000
__Hbank28                             bank28       00000
__Hbank29                             bank29       00000
__Hbank3                              bank3        00000
__Hbank30                             bank30       00000
__Hbank31                             bank31       00000
__Hbank4                              bank4        00000
__Hbank5                              bank5        00000
__Hbank6                              bank6        00000
__Hbank7                              bank7        00000
__Hbank8                              bank8        00000
__Hbank9                              bank9        00000
__Hbigram                             bigram       00000
__HbssBANK0                           bssBANK0     00000
__HbssBANK1                           bssBANK1     00000
__HbssBANK2                           bssBANK2     00000
__Hcinit                              cinit        0004B
__Hclrtext                            clrtext      00000
__Hcode                               code         00000
__Hcommon                             common       00000
__Hconfig                             config       08009
__HcstackBANK0                        cstackBANK0  00000
__HcstackCOMMON                       cstackCOMMON 00000
__HdataBANK1                          dataBANK1    00000
__HdataBANK2                          dataBANK2    00000
__HdataEEDATA                         dataEEDATA   00000
__Heeprom_data                        eeprom_data  00000
__Hend_init                           end_init     00017
__Hfunctab                            functab      00000
__Hheap                               heap         00000
__HidataBANK1                         idataBANK1   00000
__HidataBANK2                         idataBANK2   00000
__HidataEEDATA                        idataEEDATA  00000
__Hidloc                              idloc        08004
__Hinit                               init         00015
__Hinittext                           inittext     00000
__Hintentry                           intentry     00015
__Hmaintext                           maintext     00000
__Hpowerup                            powerup      00000
__Hram                                ram          00000
__Hreset_vec                          reset_vec    00002
__Hsfr0                               sfr0         00000
__Hsfr1                               sfr1         00000
__Hsfr10                              sfr10        00000
__Hsfr11                              sfr11        00000
__Hsfr12                              sfr12        00000
__Hsfr13                              sfr13        00000
__Hsfr14                              sfr14        00000
__Hsfr15                              sfr15        00000
__Hsfr16                              sfr16        00000
__Hsfr17                              sfr17        00000
__Hsfr18                              sfr18        00000
__Hsfr19                              sfr19        00000
__Hsfr2                               sfr2         00000
__Hsfr20                              sfr20        00000
__Hsfr21                              sfr21        00000
__Hsfr22                              sfr22        00000
__Hsfr23                              sfr23        00000
__Hsfr24                              sfr24        00000
__Hsfr25                              sfr25        00000
__Hsfr26                              sfr26        00000
__Hsfr27                              sfr27        00000
__Hsfr28                              sfr28        00000
__Hsfr29                              sfr29        00000
__Hsfr3                               sfr3         00000
__Hsfr30                              sfr30        00000
__Hsfr31                              sfr31        00000
__Hsfr4                               sfr4         00000
__Hsfr5                               sfr5         00000
__Hsfr6                               sfr6         00000
__Hsfr7                               sfr7         00000
__Hsfr8                               sfr8         00000
__Hsfr9                               sfr9         00000
__Hsivt                               sivt         00015
__Hspace_0                            (abs)        02A15
__Hspace_1                            (abs)        00168
__Hspace_2                            (abs)        00000
__Hspace_3                            (abs)        00074
__Hspace_4                            (abs)        10010
__Hstack                              stack        00000
__Hstrings                            strings      00000
__Hstringtext1                        stringtext1  00000
__Hstringtext10                       stringtext10 00000
__Hstringtext11                       stringtext11 00000
__Hstringtext12                       stringtext12 00000
__Hstringtext13                       stringtext13 00000
__Hstringtext14                       stringtext14 00000
__Hstringtext15                       stringtext15 00000
__Hstringtext16                       stringtext16 00000
__Hstringtext17                       stringtext17 00000
__Hstringtext18                       stringtext18 00000
__Hstringtext19                       stringtext19 00000
__Hstringtext2                        stringtext2  00000
__Hstringtext20                       stringtext20 00000
__Hstringtext21                       stringtext21 00000
__Hstringtext22                       stringtext22 00000
__Hstringtext23                       stringtext23 00000
__Hstringtext24                       stringtext24 00000
__Hstringtext25                       stringtext25 00000
__Hstringtext26                       stringtext26 00000
__Hstringtext27                       stringtext27 00000
__Hstringtext28                       stringtext28 00000
__Hstringtext29                       stringtext29 00000
__Hstringtext3                        stringtext3  00000
__Hstringtext30                       stringtext30 00000
__Hstringtext31                       stringtext31 00000
__Hstringtext32                       stringtext32 00000
__Hstringtext33                       stringtext33 00000
__Hstringtext34                       stringtext34 00000
__Hstringtext35                       stringtext35 00000
__Hstringtext36                       stringtext36 00000
__Hstringtext37                       stringtext37 00000
__Hstringtext38                       stringtext38 00000
__Hstringtext39                       stringtext39 00000
__Hstringtext4                        stringtext4  00000
__Hstringtext40                       stringtext40 00000
__Hstringtext41                       stringtext41 00000
__Hstringtext42                       stringtext42 00000
__Hstringtext43                       stringtext43 00000
__Hstringtext44                       stringtext44 00000
__Hstringtext45                       stringtext45 00000
__Hstringtext46                       stringtext46 00000
__Hstringtext47                       stringtext47 00000
__Hstringtext48                       stringtext48 00000
__Hstringtext49                       stringtext49 00000
__Hstringtext5                        stringtext5  00000
__Hstringtext50                       stringtext50 00000
__Hstringtext51                       stringtext51 00000
__Hstringtext52                       stringtext52 00000
__Hstringtext53                       stringtext53 00000
__Hstringtext54                       stringtext54 00000
__Hstringtext55                       stringtext55 00000
__Hstringtext56                       stringtext56 00000
__Hstringtext57                       stringtext57 00000
__Hstringtext58                       stringtext58 00000
__Hstringtext59                       stringtext59 00000
__Hstringtext6                        stringtext6  00000
__Hstringtext60                       stringtext60 00000
__Hstringtext61                       stringtext61 00000
__Hstringtext62                       stringtext62 00000
__Hstringtext63                       stringtext63 00000
__Hstringtext64                       stringtext64 00000
__Hstringtext65                       stringtext65 00000
__Hstringtext66                       stringtext66 00000
__Hstringtext67                       stringtext67 00000
__Hstringtext68                       stringtext68 00000
__Hstringtext69                       stringtext69 00000
__Hstringtext7                        stringtext7  00000
__Hstringtext70                       stringtext70 00000
__Hstringtext71                       stringtext71 00000
__Hstringtext72                       stringtext72 00000
__Hstringtext73                       stringtext73 00000
__Hstringtext74                       stringtext74 00000
__Hstringtext75                       stringtext75 00000
__Hstringtext76                       stringtext76 00000
__Hstringtext8                        stringtext8  00000
[...]
__ptext41                             text41       0098B
__ptext42                             text42       02646
__ptext43                             text43       01E2B
__ptext44                             text44       0263A
__ptext45                             text45       0082F
__ptext46                             text46       0194B
__ptext47                             text47       01AA5
__ptext48                             text48       0191D
__ptext49                             text49       01A71
__ptext5                              text5        00560
__ptext50                             text50       01BEC
__ptext51                             text51       01800
__ptext52                             text52       026B8
__ptext53                             text53       01376
__ptext54                             text54       0175B
__ptext55                             text55       01A3E
__ptext56                             text56       01F95
__ptext57                             text57       01D83
__ptext58                             text58       012F8
__ptext59                             text59       01D32
__ptext6                              text6        00BF4
__ptext60                             text60       02793
__ptext61                             text61       027E2
__ptext62                             text62       02626
__ptext63                             text63       02762
__ptext64                             text64       00D46
__ptext65                             text65       01830
__ptext66                             text66       02692
__ptext67                             text67       01EDE
__ptext68                             text68       02614
__ptext69                             text69       01AD9
__ptext7                              text7        016B7
__ptext70                             text70       01E83
__ptext71                             text71       0274A
__ptext72                             text72       0262F
__ptext73                             text73       01616
__ptext74                             text74       018AC
__ptext75                             text75       0260F
__ptext76                             text76       0260A
__ptext77                             text77       026E0
__ptext78                             text78       0267F
__ptext79                             text79       01979
__ptext8                              text8        00B18
__ptext80                             text80       01B7A
__ptext81                             text81       0277A
__ptext82                             text82       01DD4
__ptext83                             text83       02652
__ptext84                             text84       00A3F
__ptext85                             text85       014FD
__ptext86                             text86       019A8
__ptext87                             text87       02734
__ptext9                              text9        01478
_best_swr_valid                       bssBANK1     000B4
_coarse_cap_value                     stringtext7  02827
_coarse_ind_value                     stringtext6  0281C
_current_menu                         bssBANK1     000AC
_ee_cal_gain                          idataEEDATA  00064
_ee_cal_offset                        idataEEDATA  00066
_ee_cal_point_0                       idataEEDATA  0006A
_ee_cal_point_1                       idataEEDATA  00068
_ee_sleep_delay_sec                   idataEEDATA  0006C
_ee_sleep_enable                      idataEEDATA  00072
_ee_tune_auto_enable                  idataEEDATA  00073
_ee_tune_auto_swr                     idataEEDATA  0006E
_ee_tune_stop_swr                     idataEEDATA  00070
_ee_tunemem                           idataEEDATA  00000
_eeprom_init_data                     stringtext2  01000
_eeprom_read                          text72       0262F
_eeprom_write                         text61       027E2
_f_buffer                             bssBANK2     00134
_font5x8                              stringtext1  00380
_global                               bssBANK1     000C1
_main                                 maintext     01205
_menuAbout                            stringtext41 02966
_menuBypass                           stringtext45 0297E
_menuCal                              stringtext37 0294E
_menuLoad                             stringtext42 0296C
_menuMain                             stringtext48 02990
_menuNameEdit                         stringtext35 02942
_menuRelTest                          stringtext38 02954
_menuReset                            stringtext44 02978
_menuSave                             stringtext43 02972
_menuSleep                            stringtext39 0295A
_menuStartupSave                      stringtext34 0293C
_menuSubSetup                         stringtext46 02984
_menuSubTop                           stringtext47 0298A
_menuTParam                           stringtext40 02960
_menuTune                             stringtext36 02948
_myIsr                                intentry     00004
_ptrSubSetupMenu                      dataBANK2    00160
_ptrSubTopMenu                        dataBANK2    00154
_r_buffer                             bssBANK2     00120
_str_AUTO                             stringtext61 029DB
_str_Auto                             stringtext60 029D6
_str_Break                            stringtext10 02848
_str_Bypass                           stringtext27 028FF
_str_C_                               stringtext71 02A05
_str_C_L                              stringtext63 029E5
_str_Delay                            stringtext51 029A2
_str_Esc                              stringtext66 029F2
_str_L_                               stringtext72 02A08
_str_L_C                              stringtext62 029E0
_str_MENU_About                       stringtext14 02874
_str_MENU_Bypass                      stringtext22 028CC
_str_MENU_Cal                         stringtext16 0288A
_str_MENU_Load                        stringtext20 028B6
_str_MENU_RelTest                     stringtext17 02895
_str_MENU_Reset                       stringtext23 028D7
_str_MENU_Save                        stringtext21 028C1
_str_MENU_Setup                       stringtext15 0287F
_str_MENU_Sleep                       stringtext18 028A0
_str_MENU_TunePar                     stringtext19 028AB
_str_Off                              stringtext65 029EE
_str_Ok                               stringtext70 02A02
_str_On                               stringtext64 029EA
_str_PWR                              stringtext67 029F6
_str_PWR_low                          stringtext9  0283D
_str_Point                            stringtext52 029A8
_str_Power                            stringtext53 029AE
_str_Ready                            stringtext8  02832
_str_Resetting                        stringtext24 028E2
_str_Running                          stringtext11 02853
_str_SWR                              stringtext68 029FA
_str_Save                             stringtext58 029CC
_str_Sleep                            stringtext50 0299C
_str_SpaceLine                        stringtext13 02869
_str_Start                            stringtext49 02996
_str_Stop                             stringtext59 029D1
_str_TUNE_State                       dataBANK2    00148
_str_WaitForHF                        stringtext12 0285E
_str__Tune_                           stringtext26 028F6
_str_about1_line1                     stringtext32 0292C
_str_about1_line2                     stringtext31 02923
_str_about1_line3                     stringtext75 02A11
_str_about1_line4                     stringtext56 029C0
_str_about2_line1                     stringtext30 0291A
_str_about2_line2                     stringtext69 029FE
_str_about2_line3                     stringtext74 02A0E
_str_about2_line4                     stringtext55 029BA
_str_about3_line1                     stringtext29 02911
_str_about3_line2                     stringtext28 02908
_str_about3_line3                     stringtext73 02A0B
_str_about3_line4                     stringtext54 029B4
_str_sleeping                         stringtext76 02A14
_str_startup_screen_line1             stringtext33 02934
_str_startup_screen_line2             stringtext25 028EC
_str_startup_screen_line3             stringtext57 029C6
_tick_count                           bssBANK1     000C0
btemp                                 (abs)        0007E
btemp0                                (abs)        0007E
btemp1                                (abs)        0007F
clear_ram0                            clrtext      0261A
eeprom_read@addr                      cstackCOMMON 00070
eeprom_write@addr                     cstackCOMMON 00071
eeprom_write@gie_state                cstackCOMMON 00072
eeprom_write@value                    cstackCOMMON 00070
end_of_initialization                 cinit        00047
init_ram                              inittext     02620
int$flags                             (abs)        0007E
intlevel0                             functab      00000
intlevel1                             functab      00000
intlevel2                             functab      00000
intlevel3                             functab      00000
intlevel4                             functab      00000
intlevel5                             functab      00000
ltemp0a                               (abs)        00080
main@tick_10ms                        bssBANK1     000BE
main@tick_old                         bssBANK1     000BF
main@tunemem                          cstackBANK0  00053
reset_vec                             reset_vec    00000
start                                 init         00015
start_initialization                  cinit        00017
ttemp0a                               (abs)        0007F
wtemp0                                (abs)        0007E
wtemp0a                               (abs)        0007F


MODULE INFORMATION

Module		Function		Class		Link	Load	Size
utili.c
		_UTILI_Int2Str 		CODE           	12F8	0000	126
		_UTILI_Get_LC_Relays		CODE           	2762	0000	24
		_UTILI_GetIndValueStr		CODE           	194B	0000	46
		_UTILI_GetCapValueStr		CODE           	191D	0000	46
		_UTILI_SetRelays		CODE           	1376	0000	126
		_UTILI_Set_LC_Relays		CODE           	26B8	0000	20
		_UTILI_Delay_ms		CODE           	07E4	0000	26
		_UTILI_GetIndValue		CODE           	1AA5	0000	52
		_UTILI_GetCapValue		CODE           	1A71	0000	52
		_UTILI_CalPWR  		CODE           	1F39	0000	92
		_UTILI_CalSWR  		CODE           	13F4	0000	132
		_UTILI_centiVolt_to_deciWatt		CODE           	1CA6	0000	68
		_UTILI_deciWatt_to_centiVolt		CODE           	175B	0000	165

utili.c estimated size: 975

button.c
		_BUTTON_Run    		CODE           	1DD4	0000	87
		_BUTTON_Init   		CODE           	2652	0000	13
		_BUTTON_Reset  		CODE           	2614	0000	6

button.c estimated size: 106

C:\Program Files\Microchip\xc8\v3.10\pic\sources\c99\common\awmod.c
		___awmod       		CODE           	1D32	0000	81

C:\Program Files\Microchip\xc8\v3.10\pic\sources\c99\common\awmod.c estimated size: 81

C:\Program Files\Microchip\xc8\v3.10\pic\sources\c99\common\Umul32.c
		___lmul        		CODE           	1A3E	0000	51

C:\Program Files\Microchip\xc8\v3.10\pic\sources\c99\common\Umul32.c estimated size: 51

eeprom.c
		_EEPROM_Read   		CODE           	274A	0000	24
		_EEPROM_Init   		CODE           	1E83	0000	91
		_EEPROM_Write  		CODE           	2793	0000	25

eeprom.c estimated size: 140

C:\Program Files\Microchip\xc8\v3.10\pic\sources\c99\common\awdiv.c
		___awdiv       		CODE           	1EDE	0000	91

C:\Program Files\Microchip\xc8\v3.10\pic\sources\c99\common\awdiv.c estimated size: 91

adc.c
		_ADC_GetSample 		CODE           	19A8	0000	50
		_ADC_Run       		CODE           	0A3F	0000	217
		_ADC_Init      		CODE           	2734	0000	22

adc.c estimated size: 289

tune.c
		_TUNE_Run      		CODE           	004B	0000	821
		_TUNE_Init     		CODE           	265F	0000	16

tune.c estimated size: 837

eeprom_init.c
		_EEPROM_InitDefault		CODE           	27C5	0000	29
		_eeprom_read   		CODE           	262F	0000	11
		_eeprom_write  		CODE           	27E2	0000	30

eeprom_init.c estimated size: 70

C:\Program Files\Microchip\xc8\v3.10\pic\sources\c99\common\aldiv.c
		___aldiv       		CODE           	14FD	0000	140

C:\Program Files\Microchip\xc8\v3.10\pic\sources\c99\common\aldiv.c estimated size: 140

C:\Program Files\Microchip\xc8\v3.10\pic\sources\c99\common\Umul8.c
		___bmul        		CODE           	2692	0000	19

C:\Program Files\Microchip\xc8\v3.10\pic\sources\c99\common\Umul8.c estimated size: 19

shared
		_str_PWR_low   		STRCODE        	283D	0000	11
		_menuSave      		STRCODE        	2972	0000	6
		_menuNameEdit  		STRCODE        	2942	0000	6
		_menuMain      		STRCODE        	2990	0000	6
		_str_Point     		STRCODE        	29A8	0000	6
		_str_C_        		STRCODE        	2A05	0000	3
		_IND_VALUES    		STRCODE        	2800	0000	14
		_str_AUTO      		STRCODE        	29DB	0000	5
		_str_Auto      		STRCODE        	29D6	0000	5
		_str_MENU_Bypass		STRCODE        	28CC	0000	11
		_menuSleep     		STRCODE        	295A	0000	6
		_menuSubTop    		STRCODE        	298A	0000	6
		_menuReset     		STRCODE        	2978	0000	6
		_font5x8       		STRCODE        	0380	0000	480
		_menuLoad      		STRCODE        	296C	0000	6
		_menuSubSetup  		STRCODE        	2984	0000	6
		_CAP_VALUES    		STRCODE        	280E	0000	14
		_menuBypass    		STRCODE        	297E	0000	6
		_str_Ok        		STRCODE        	2A02	0000	3
		_str_On        		STRCODE        	29EA	0000	4
		_str_sleeping  		STRCODE        	2A14	0000	1
		_str_C_L       		STRCODE        	29E5	0000	5
		_menuRelTest   		STRCODE        	2954	0000	6
		_menuCal       		STRCODE        	294E	0000	6
		_str_Esc       		STRCODE        	29F2	0000	4
		_str_Stop      		STRCODE        	29D1	0000	5
		_str_about1_line1		STRCODE        	292C	0000	8
		_str_about2_line1		STRCODE        	291A	0000	9
		_str_about3_line1		STRCODE        	2911	0000	9
		_str_about1_line2		STRCODE        	2923	0000	9
		_str_about2_line2		STRCODE        	29FE	0000	4
		_str_about3_line2		STRCODE        	2908	0000	9
		_str_Ready     		STRCODE        	2832	0000	11
		_str_about1_line3		STRCODE        	2A11	0000	3
		_str_about2_line3		STRCODE        	2A0E	0000	3
		_str_about3_line3		STRCODE        	2A0B	0000	3
		_str_about1_line4		STRCODE        	29C0	0000	6
		_str_about2_line4		STRCODE        	29BA	0000	6
		_str_about3_line4		STRCODE        	29B4	0000	6
		_menuAbout     		STRCODE        	2966	0000	6
		_str_SWR       		STRCODE        	29FA	0000	4
		__initialization		CODE           	0017	0000	48
		_coarse_ind_value		STRCODE        	281C	0000	11
		_coarse_cap_value		STRCODE        	2827	0000	11
		_str_SpaceLine 		STRCODE        	2869	0000	11
		_str_WaitForHF 		STRCODE        	285E	0000	11
		_str_MENU_Cal  		STRCODE        	288A	0000	11
		_menuTune      		STRCODE        	2948	0000	6
		_str__Tune_    		STRCODE        	28F6	0000	9
		_str_Delay     		STRCODE        	29A2	0000	6
		_str_L_        		STRCODE        	2A08	0000	3
		_str_startup_screen_line1		STRCODE        	2934	0000	8
		_str_startup_screen_line2		STRCODE        	28EC	0000	10
		_str_startup_screen_line3		STRCODE        	29C6	0000	6
		_str_MENU_TunePar		STRCODE        	28AB	0000	11
		_str_MENU_Load 		STRCODE        	28B6	0000	11
		_str_MENU_Save 		STRCODE        	28C1	0000	11
		_menuStartupSave		STRCODE        	293C	0000	6
		_str_Power     		STRCODE        	29AE	0000	6
		_str_Save      		STRCODE        	29CC	0000	5
		_str_MENU_RelTest		STRCODE        	2895	0000	11
		_str_L_C       		STRCODE        	29E0	0000	5
		_str_Off       		STRCODE        	29EE	0000	4
		_str_Sleep     		STRCODE        	299C	0000	6
		_str_Start     		STRCODE        	2996	0000	6
		_str_MENU_Sleep		STRCODE        	28A0	0000	11
		_str_MENU_Reset		STRCODE        	28D7	0000	11
		_str_MENU_Setup		STRCODE        	287F	0000	11
		_str_MENU_About		STRCODE        	2874	0000	11
		_str_Bypass    		STRCODE        	28FF	0000	9
		_menuTParam    		STRCODE        	2960	0000	6
		_str_Break     		STRCODE        	2848	0000	11
		_str_Running   		STRCODE        	2853	0000	11
		_NameEditChar  		STRCODE        	2000	0000	73
		_str_PWR       		STRCODE        	29F6	0000	4
		_str_Resetting 		STRCODE        	28E2	0000	10
		_eeprom_init_data		STRCODE        	1000	0000	256

shared estimated size: 1390

menu.c
		_MENU_MemoryLoad_Init		CODE           	26A5	0000	19
		_MENU_RelTest_Update		CODE           	072E	0000	182
		_MENU_Tune_Init		CODE           	27AC	0000	25
		_MENU_MemorySave_Init		CODE           	26CC	0000	20
		_MENU_Run      		CODE           	188D	0000	31
		_MENU_SubSetup_Init		CODE           	270A	0000	21
		_MENU_StartupSave_Run		CODE           	1CEA	0000	72
		_MENU_StartupSave_Init		CODE           	1C28	0000	60
		_MENU_Init     		CODE           	2626	0000	9
		_MENU_StartupSave_Update		CODE           	18F6	0000	39
		_MENU_RelTest_Run		CODE           	0BF4	0000	338
		_MENU_NameEdit_Run		CODE           	08DB	0000	176
		_MENU_CalPWR_Init		CODE           	186E	0000	31
		_MENU_RelTest_Init		CODE           	1812	0000	30
		_MENU_About_Run		CODE           	1478	0000	133
		_MENU_Sleep_Update		CODE           	1192	0000	115
		_MENU_TParam_Init		CODE           	1C64	0000	66
		_MENU_Sub_Run  		CODE           	1123	0000	111
		_MENU_Bypass_Init		CODE           	271F	0000	21
		_MENU_Sleep_Run		CODE           	16B7	0000	164
		_MENU_Memory_Init		CODE           	2646	0000	12
		_MENU_SubTop_Init		CODE           	26F5	0000	21
		_MENU_NameEdit_Init		CODE           	1BB2	0000	58
		_MENU_CalPWR_Update		CODE           	1F95	0000	107
		_MENU_Reset_Init		CODE           	184F	0000	31
		_MENU_Main_Update		CODE           	082F	0000	172
		_MENU_CalPWR_Run		CODE           	0560	0000	462
		_MENU_Main_Run 		CODE           	0EA2	0000	350
		_MENU_About_Init		CODE           	1B44	0000	54
		_MENU_Main_Weakup		CODE           	263A	0000	12
		_MENU_TParam_Update		CODE           	127D	0000	123
		_MENU_Sleep_Init		CODE           	0800	0000	47
		_MENU_Memory_Update		CODE           	1E2B	0000	88
		_MENU_NameEdit_Update		CODE           	098B	0000	180
		_MENU_TParam_Run		CODE           	0B18	0000	220
		_MENU_Tune_Update		CODE           	18D1	0000	37
		_MENU_Main_Init		CODE           	19DA	0000	50
		_MENU_Tune_Run 		CODE           	1A0C	0000	50
		_MENU_Memory_Run		CODE           	1589	0000	141
		_MENU_Sub_Update		CODE           	1B0E	0000	54

menu.c estimated size: 3932

disp.c
		_DISP_On       		CODE           	260F	0000	5
		_I2C_Write     		CODE           	1B7A	0000	56
		_DISP_DataAddress		CODE           	1979	0000	47
		_DISP_Off      		CODE           	260A	0000	5
		_DISP_Clr      		CODE           	18AC	0000	37
		_DISP_Str      		CODE           	0D46	0000	348
		_I2C_Stop      		CODE           	267F	0000	19
		_DISP_PWR      		CODE           	1D83	0000	81
		_DISP_SWR      		CODE           	1BEC	0000	60
		_DISP_Command  		CODE           	26E0	0000	21
		_DISP_Char     		CODE           	1800	0000	18
		_I2C_Start     		CODE           	277A	0000	25
		_DISP_Init     		CODE           	1616	0000	161

disp.c estimated size: 883

main.c
		_MAIN_Init     		CODE           	1AD9	0000	53
		_main          		CODE           	1205	0000	120
		_myIsr         		CODE           	0004	0000	17

main.c estimated size: 190

C:\Program Files\Microchip\xc8\v3.10\pic\sources\c99\common\Umul16.c
		___wmul        		CODE           	1830	0000	31

C:\Program Files\Microchip\xc8\v3.10\pic\sources\c99\common\Umul16.c estimated size: 31

